// Jest Snapshot v1, https://goo.gl/fbAQLP

exports[`NearPlaces correctly renders after relaunch 1`] = `
Array [
  <section
    className="property__map map"
    id="map"
  />,
  <div
    className="container"
  >
    <section
      className="near-places places"
    >
      <h2
        className="near-places__title"
      >
        Other places in the neighbourhood
      </h2>
      <div
        className="near-places__list places__list"
      >
        <<div />
          onActivate={[MockFunction]}
          onClickHeader={[Function]}
          onDeactivate={[MockFunction]}
          place={
            Object {
              "city": Object {
                "location": Object {
                  "latitude": 53.552645,
                  "longitude": 9.966287,
                  "zoom": 10,
                },
                "name": "Hamburg",
              },
              "id": 15,
              "isFavorite": false,
              "isPremium": false,
              "location": Object {
                "latitude": 53.554221,
                "longitude": 9.992588,
              },
              "previewImage": "img/apartment-03.jpg",
              "price": 180,
              "rating": 100,
              "title": "Nice, cozy, warm big bed apartment",
              "type": "apartment",
            }
          }
        />
      </div>
    </section>
  </div>,
]
`;
