// Jest Snapshot v1, https://goo.gl/fbAQLP

exports[`PlacesList correctly renders after relaunch 1`] = `
<div
  className="cities__places-list places__list tabs__content"
>
  <<div />
    onActivate={[MockFunction]}
    onClickHeader={[MockFunction]}
    onDeactivate={[MockFunction]}
    place={
      Object {
        "city": Object {
          "location": Object {
            "latitude": 52.370216,
            "longitude": 4.895168,
            "zoom": 10,
          },
          "name": "Amsterdam",
        },
        "id": 1,
        "isFavorite": false,
        "isPremium": false,
        "location": Object {
          "latitude": 52.370216,
          "longitude": 4.895168,
        },
        "previewImage": "img/apartment-01.jpg",
        "price": 120,
        "rating": 93,
        "title": "Beautiful &amp; luxurious apartment at great location",
        "type": "apartment",
      }
    }
  />
</div>
`;
