// Jest Snapshot v1, https://goo.gl/fbAQLP

exports[`ReviewItem correctly renders after relaunch 1`] = `
<li
  className="reviews__item"
>
  <div
    className="reviews__user user"
  >
    <div
      className="reviews__avatar-wrapper user__avatar-wrapper"
    >
      <img
        alt="Reviews avatar"
        className="reviews__avatar user__avatar"
        height="54"
        src="https://htmlacademy-react-2.appspot.com/six-cities/static/avatar/8.jpg"
        width="54"
      />
    </div>
    <span
      className="reviews__user-name"
    >
      Emely
    </span>
  </div>
  <div
    className="reviews__info"
  >
    <div
      className="reviews__rating rating"
    >
      <div
        className="reviews__stars rating__stars"
      >
        <span
          style={
            Object {
              "width": "3%",
            }
          }
        />
        <span
          className="visually-hidden"
        >
          Rating
        </span>
      </div>
    </div>
    <p
      className="reviews__text"
    >
      The room was spacious and clean. The pool looked nothing like the photos and desparately needs a clean. The sauna and spa were closed for lunar new year holiday.
    </p>
    <time
      className="reviews__time"
      dateTime={2019-12-03T14:11:47.471Z}
    />
  </div>
</li>
`;
